Analysis & Synthesis report for SellingMachine
Wed Dec 19 14:08:12 2018
Quartus II 64-Bit Version 13.0.0 Build 156 04/24/2013 SJ Full Version


---------------------
; Table of Contents ;
---------------------
  1. Legal Notice
  2. Analysis & Synthesis Summary
  3. Analysis & Synthesis Settings
  4. Parallel Compilation
  5. Analysis & Synthesis Source Files Read
  6. Analysis & Synthesis Resource Usage Summary
  7. Analysis & Synthesis Resource Utilization by Entity
  8. State Machine - |SellingMachine|show_control_ten_continuously:show_mux|show_state
  9. Registers Removed During Synthesis
 10. General Register Statistics
 11. Multiplexer Restructuring Statistics (Restructuring Performed)
 12. Parameter Settings for Inferred Entity Instance: show_control_ten_continuously:show_mux|lpm_divide:Mod0
 13. Parameter Settings for Inferred Entity Instance: show_control_ten_continuously:show_mux|lpm_divide:Div0
 14. Parameter Settings for Inferred Entity Instance: show_control_ten_continuously:show_mux|lpm_divide:Div1
 15. Parameter Settings for Inferred Entity Instance: show_control_ten_continuously:show_mux|lpm_mult:Mult0
 16. lpm_mult Parameter Settings by Entity Instance
 17. Elapsed Time Per Partition
 18. Analysis & Synthesis Messages



----------------
; Legal Notice ;
----------------
Copyright (C) 1991-2013 Altera Corporation
Your use of Altera Corporation's design tools, logic functions 
and other software and tools, and its AMPP partner logic 
functions, and any output files from any of the foregoing 
(including device programming or simulation files), and any 
associated documentation or information are expressly subject 
to the terms and conditions of the Altera Program License 
Subscription Agreement, Altera MegaCore Function License 
Agreement, or other applicable license agreement, including, 
without limitation, that your use is for the sole purpose of 
programming logic devices manufactured by Altera and sold by 
Altera or its authorized distributors.  Please refer to the 
applicable agreement for further details.



+----------------------------------------------------------------------------------+
; Analysis & Synthesis Summary                                                     ;
+------------------------------------+---------------------------------------------+
; Analysis & Synthesis Status        ; Successful - Wed Dec 19 14:08:12 2018       ;
; Quartus II 64-Bit Version          ; 13.0.0 Build 156 04/24/2013 SJ Full Version ;
; Revision Name                      ; SellingMachine                              ;
; Top-level Entity Name              ; SellingMachine                              ;
; Family                             ; Cyclone III                                 ;
; Total logic elements               ; 497                                         ;
;     Total combinational functions  ; 488                                         ;
;     Dedicated logic registers      ; 90                                          ;
; Total registers                    ; 90                                          ;
; Total pins                         ; 25                                          ;
; Total virtual pins                 ; 0                                           ;
; Total memory bits                  ; 0                                           ;
; Embedded Multiplier 9-bit elements ; 0                                           ;
; Total PLLs                         ; 0                                           ;
+------------------------------------+---------------------------------------------+


+----------------------------------------------------------------------------------------------------------------------+
; Analysis & Synthesis Settings                                                                                        ;
+----------------------------------------------------------------------------+--------------------+--------------------+
; Option                                                                     ; Setting            ; Default Value      ;
+----------------------------------------------------------------------------+--------------------+--------------------+
; Device                                                                     ; EP3C16Q240C8       ;                    ;
; Top-level entity name                                                      ; SellingMachine     ; SellingMachine     ;
; Family name                                                                ; Cyclone III        ; Cyclone IV GX      ;
; Use smart compilation                                                      ; Off                ; Off                ;
; Enable parallel Assembler and TimeQuest Timing Analyzer during compilation ; On                 ; On                 ;
; Enable compact report table                                                ; Off                ; Off                ;
; Restructure Multiplexers                                                   ; Auto               ; Auto               ;
; Create Debugging Nodes for IP Cores                                        ; Off                ; Off                ;
; Preserve fewer node names                                                  ; On                 ; On                 ;
; Disable OpenCore Plus hardware evaluation                                  ; Off                ; Off                ;
; Verilog Version                                                            ; Verilog_2001       ; Verilog_2001       ;
; VHDL Version                                                               ; VHDL_1993          ; VHDL_1993          ;
; State Machine Processing                                                   ; Auto               ; Auto               ;
; Safe State Machine                                                         ; Off                ; Off                ;
; Extract Verilog State Machines                                             ; On                 ; On                 ;
; Extract VHDL State Machines                                                ; On                 ; On                 ;
; Ignore Verilog initial constructs                                          ; Off                ; Off                ;
; Iteration limit for constant Verilog loops                                 ; 5000               ; 5000               ;
; Iteration limit for non-constant Verilog loops                             ; 250                ; 250                ;
; Add Pass-Through Logic to Inferred RAMs                                    ; On                 ; On                 ;
; Infer RAMs from Raw Logic                                                  ; On                 ; On                 ;
; Parallel Synthesis                                                         ; On                 ; On                 ;
; DSP Block Balancing                                                        ; Auto               ; Auto               ;
; NOT Gate Push-Back                                                         ; On                 ; On                 ;
; Power-Up Don't Care                                                        ; On                 ; On                 ;
; Remove Redundant Logic Cells                                               ; Off                ; Off                ;
; Remove Duplicate Registers                                                 ; On                 ; On                 ;
; Ignore CARRY Buffers                                                       ; Off                ; Off                ;
; Ignore CASCADE Buffers                                                     ; Off                ; Off                ;
; Ignore GLOBAL Buffers                                                      ; Off                ; Off                ;
; Ignore ROW GLOBAL Buffers                                                  ; Off                ; Off                ;
; Ignore LCELL Buffers                                                       ; Off                ; Off                ;
; Ignore SOFT Buffers                                                        ; On                 ; On                 ;
; Limit AHDL Integers to 32 Bits                                             ; Off                ; Off                ;
; Optimization Technique                                                     ; Balanced           ; Balanced           ;
; Carry Chain Length                                                         ; 70                 ; 70                 ;
; Auto Carry Chains                                                          ; On                 ; On                 ;
; Auto Open-Drain Pins                                                       ; On                 ; On                 ;
; Perform WYSIWYG Primitive Resynthesis                                      ; Off                ; Off                ;
; Auto ROM Replacement                                                       ; On                 ; On                 ;
; Auto RAM Replacement                                                       ; On                 ; On                 ;
; Auto DSP Block Replacement                                                 ; On                 ; On                 ;
; Auto Shift Register Replacement                                            ; Auto               ; Auto               ;
; Allow Shift Register Merging across Hierarchies                            ; Auto               ; Auto               ;
; Auto Clock Enable Replacement                                              ; On                 ; On                 ;
; Strict RAM Replacement                                                     ; Off                ; Off                ;
; Allow Synchronous Control Signals                                          ; On                 ; On                 ;
; Force Use of Synchronous Clear Signals                                     ; Off                ; Off                ;
; Auto RAM Block Balancing                                                   ; On                 ; On                 ;
; Auto RAM to Logic Cell Conversion                                          ; Off                ; Off                ;
; Auto Resource Sharing                                                      ; Off                ; Off                ;
; Allow Any RAM Size For Recognition                                         ; Off                ; Off                ;
; Allow Any ROM Size For Recognition                                         ; Off                ; Off                ;
; Allow Any Shift Register Size For Recognition                              ; Off                ; Off                ;
; Use LogicLock Constraints during Resource Balancing                        ; On                 ; On                 ;
; Ignore translate_off and synthesis_off directives                          ; Off                ; Off                ;
; Timing-Driven Synthesis                                                    ; On                 ; On                 ;
; Report Parameter Settings                                                  ; On                 ; On                 ;
; Report Source Assignments                                                  ; On                 ; On                 ;
; Report Connectivity Checks                                                 ; On                 ; On                 ;
; Ignore Maximum Fan-Out Assignments                                         ; Off                ; Off                ;
; Synchronization Register Chain Length                                      ; 2                  ; 2                  ;
; PowerPlay Power Optimization                                               ; Normal compilation ; Normal compilation ;
; HDL message level                                                          ; Level2             ; Level2             ;
; Suppress Register Optimization Related Messages                            ; Off                ; Off                ;
; Number of Removed Registers Reported in Synthesis Report                   ; 5000               ; 5000               ;
; Number of Swept Nodes Reported in Synthesis Report                         ; 5000               ; 5000               ;
; Number of Inverted Registers Reported in Synthesis Report                  ; 100                ; 100                ;
; Clock MUX Protection                                                       ; On                 ; On                 ;
; Auto Gated Clock Conversion                                                ; Off                ; Off                ;
; Block Design Naming                                                        ; Auto               ; Auto               ;
; SDC constraint protection                                                  ; Off                ; Off                ;
; Synthesis Effort                                                           ; Auto               ; Auto               ;
; Shift Register Replacement - Allow Asynchronous Clear Signal               ; On                 ; On                 ;
; Pre-Mapping Resynthesis Optimization                                       ; Off                ; Off                ;
; Analysis & Synthesis Message Level                                         ; Medium             ; Medium             ;
; Disable Register Merging Across Hierarchies                                ; Auto               ; Auto               ;
; Resource Aware Inference For Block RAM                                     ; On                 ; On                 ;
; Synthesis Seed                                                             ; 1                  ; 1                  ;
+----------------------------------------------------------------------------+--------------------+--------------------+


+------------------------------------------+
; Parallel Compilation                     ;
+----------------------------+-------------+
; Processors                 ; Number      ;
+----------------------------+-------------+
; Number detected on machine ; 4           ;
; Maximum allowed            ; 4           ;
;                            ;             ;
; Average used               ; 1.00        ;
; Maximum used               ; 2           ;
;                            ;             ;
; Usage by Processor         ; % Time Used ;
;     Processor 1            ; 100.0%      ;
;     Processor 2            ; < 0.1%      ;
;     Processors 3-4         ;   0.0%      ;
+----------------------------+-------------+


+-----------------------------------------------------------------------------------------------------------------------------------------------------------------+
; Analysis & Synthesis Source Files Read                                                                                                                          ;
+----------------------------------+-----------------+------------------------------+-------------------------------------------------------------------+---------+
; File Name with User-Entered Path ; Used in Netlist ; File Type                    ; File Name with Absolute Path                                      ; Library ;
+----------------------------------+-----------------+------------------------------+-------------------------------------------------------------------+---------+
; SellingMachine.v                 ; yes             ; User Verilog HDL File        ; G:/Programming/Quartus/Week14/SellingMachine.v                    ;         ;
; lpm_divide.tdf                   ; yes             ; Megafunction                 ; f:/quartusapp/quartus/libraries/megafunctions/lpm_divide.tdf      ;         ;
; abs_divider.inc                  ; yes             ; Megafunction                 ; f:/quartusapp/quartus/libraries/megafunctions/abs_divider.inc     ;         ;
; sign_div_unsign.inc              ; yes             ; Megafunction                 ; f:/quartusapp/quartus/libraries/megafunctions/sign_div_unsign.inc ;         ;
; aglobal130.inc                   ; yes             ; Megafunction                 ; f:/quartusapp/quartus/libraries/megafunctions/aglobal130.inc      ;         ;
; db/lpm_divide_m9m.tdf            ; yes             ; Auto-Generated Megafunction  ; G:/Programming/Quartus/Week14/db/lpm_divide_m9m.tdf               ;         ;
; db/sign_div_unsign_klh.tdf       ; yes             ; Auto-Generated Megafunction  ; G:/Programming/Quartus/Week14/db/sign_div_unsign_klh.tdf          ;         ;
; db/alt_u_div_j5f.tdf             ; yes             ; Auto-Generated Megafunction  ; G:/Programming/Quartus/Week14/db/alt_u_div_j5f.tdf                ;         ;
; db/add_sub_unc.tdf               ; yes             ; Auto-Generated Megafunction  ; G:/Programming/Quartus/Week14/db/add_sub_unc.tdf                  ;         ;
; db/add_sub_vnc.tdf               ; yes             ; Auto-Generated Megafunction  ; G:/Programming/Quartus/Week14/db/add_sub_vnc.tdf                  ;         ;
; db/lpm_divide_mhm.tdf            ; yes             ; Auto-Generated Megafunction  ; G:/Programming/Quartus/Week14/db/lpm_divide_mhm.tdf               ;         ;
; db/sign_div_unsign_nlh.tdf       ; yes             ; Auto-Generated Megafunction  ; G:/Programming/Quartus/Week14/db/sign_div_unsign_nlh.tdf          ;         ;
; db/alt_u_div_p5f.tdf             ; yes             ; Auto-Generated Megafunction  ; G:/Programming/Quartus/Week14/db/alt_u_div_p5f.tdf                ;         ;
; db/lpm_divide_jhm.tdf            ; yes             ; Auto-Generated Megafunction  ; G:/Programming/Quartus/Week14/db/lpm_divide_jhm.tdf               ;         ;
; lpm_mult.tdf                     ; yes             ; Megafunction                 ; f:/quartusapp/quartus/libraries/megafunctions/lpm_mult.tdf        ;         ;
; lpm_add_sub.inc                  ; yes             ; Megafunction                 ; f:/quartusapp/quartus/libraries/megafunctions/lpm_add_sub.inc     ;         ;
; multcore.inc                     ; yes             ; Megafunction                 ; f:/quartusapp/quartus/libraries/megafunctions/multcore.inc        ;         ;
; bypassff.inc                     ; yes             ; Megafunction                 ; f:/quartusapp/quartus/libraries/megafunctions/bypassff.inc        ;         ;
; altshift.inc                     ; yes             ; Megafunction                 ; f:/quartusapp/quartus/libraries/megafunctions/altshift.inc        ;         ;
; multcore.tdf                     ; yes             ; Megafunction                 ; f:/quartusapp/quartus/libraries/megafunctions/multcore.tdf        ;         ;
; csa_add.inc                      ; yes             ; Megafunction                 ; f:/quartusapp/quartus/libraries/megafunctions/csa_add.inc         ;         ;
; mpar_add.inc                     ; yes             ; Megafunction                 ; f:/quartusapp/quartus/libraries/megafunctions/mpar_add.inc        ;         ;
; muleabz.inc                      ; yes             ; Megafunction                 ; f:/quartusapp/quartus/libraries/megafunctions/muleabz.inc         ;         ;
; mul_lfrg.inc                     ; yes             ; Megafunction                 ; f:/quartusapp/quartus/libraries/megafunctions/mul_lfrg.inc        ;         ;
; mul_boothc.inc                   ; yes             ; Megafunction                 ; f:/quartusapp/quartus/libraries/megafunctions/mul_boothc.inc      ;         ;
; alt_ded_mult.inc                 ; yes             ; Megafunction                 ; f:/quartusapp/quartus/libraries/megafunctions/alt_ded_mult.inc    ;         ;
; alt_ded_mult_y.inc               ; yes             ; Megafunction                 ; f:/quartusapp/quartus/libraries/megafunctions/alt_ded_mult_y.inc  ;         ;
; dffpipe.inc                      ; yes             ; Megafunction                 ; f:/quartusapp/quartus/libraries/megafunctions/dffpipe.inc         ;         ;
; mpar_add.tdf                     ; yes             ; Megafunction                 ; f:/quartusapp/quartus/libraries/megafunctions/mpar_add.tdf        ;         ;
; altshift.tdf                     ; yes             ; Megafunction                 ; f:/quartusapp/quartus/libraries/megafunctions/altshift.tdf        ;         ;
+----------------------------------+-----------------+------------------------------+-------------------------------------------------------------------+---------+


+------------------------------------------------------------------+
; Analysis & Synthesis Resource Usage Summary                      ;
+---------------------------------------------+--------------------+
; Resource                                    ; Usage              ;
+---------------------------------------------+--------------------+
; Estimated Total logic elements              ; 497                ;
;                                             ;                    ;
; Total combinational functions               ; 488                ;
; Logic element usage by number of LUT inputs ;                    ;
;     -- 4 input functions                    ; 130                ;
;     -- 3 input functions                    ; 104                ;
;     -- <=2 input functions                  ; 254                ;
;                                             ;                    ;
; Logic elements by mode                      ;                    ;
;     -- normal mode                          ; 313                ;
;     -- arithmetic mode                      ; 175                ;
;                                             ;                    ;
; Total registers                             ; 90                 ;
;     -- Dedicated logic registers            ; 90                 ;
;     -- I/O registers                        ; 0                  ;
;                                             ;                    ;
; I/O pins                                    ; 25                 ;
; Embedded Multiplier 9-bit elements          ; 0                  ;
; Maximum fan-out node                        ; clk_original~input ;
; Maximum fan-out                             ; 52                 ;
; Total fan-out                               ; 1533               ;
; Average fan-out                             ; 2.44               ;
+---------------------------------------------+--------------------+


+---------------------------------------------------------------------------------------------------------------------------------------------------------------------------------------------------------------------------------------------------------------------------------------------------------------------------------+
; Analysis & Synthesis Resource Utilization by Entity                                                                                                                                                                                                                                                                             ;
+---------------------------------------------+-------------------+--------------+-------------+--------------+---------+-----------+------+--------------+--------------------------------------------------------------------------------------------------------------------------------------------------------+--------------+
; Compilation Hierarchy Node                  ; LC Combinationals ; LC Registers ; Memory Bits ; DSP Elements ; DSP 9x9 ; DSP 18x18 ; Pins ; Virtual Pins ; Full Hierarchy Name                                                                                                                                    ; Library Name ;
+---------------------------------------------+-------------------+--------------+-------------+--------------+---------+-----------+------+--------------+--------------------------------------------------------------------------------------------------------------------------------------------------------+--------------+
; |SellingMachine                             ; 488 (0)           ; 90 (0)       ; 0           ; 0            ; 0       ; 0         ; 25   ; 0            ; |SellingMachine                                                                                                                                        ;              ;
;    |change_state:change_mux|                ; 134 (134)         ; 15 (15)      ; 0           ; 0            ; 0       ; 0         ; 0    ; 0            ; |SellingMachine|change_state:change_mux                                                                                                                ;              ;
;    |counter:count_mux|                      ; 31 (31)           ; 18 (18)      ; 0           ; 0            ; 0       ; 0         ; 0    ; 0            ; |SellingMachine|counter:count_mux                                                                                                                      ;              ;
;    |counter_great:count_mux_great|          ; 51 (51)           ; 34 (34)      ; 0           ; 0            ; 0       ; 0         ; 0    ; 0            ; |SellingMachine|counter_great:count_mux_great                                                                                                          ;              ;
;    |judge_change:judge_mux|                 ; 10 (10)           ; 12 (12)      ; 0           ; 0            ; 0       ; 0         ; 0    ; 0            ; |SellingMachine|judge_change:judge_mux                                                                                                                 ;              ;
;    |show_control_ten_continuously:show_mux| ; 262 (30)          ; 11 (11)      ; 0           ; 0            ; 0       ; 0         ; 0    ; 0            ; |SellingMachine|show_control_ten_continuously:show_mux                                                                                                 ;              ;
;       |lpm_divide:Div0|                     ; 63 (0)            ; 0 (0)        ; 0           ; 0            ; 0       ; 0         ; 0    ; 0            ; |SellingMachine|show_control_ten_continuously:show_mux|lpm_divide:Div0                                                                                 ;              ;
;          |lpm_divide_mhm:auto_generated|    ; 63 (0)            ; 0 (0)        ; 0           ; 0            ; 0       ; 0         ; 0    ; 0            ; |SellingMachine|show_control_ten_continuously:show_mux|lpm_divide:Div0|lpm_divide_mhm:auto_generated                                                   ;              ;
;             |sign_div_unsign_nlh:divider|   ; 63 (0)            ; 0 (0)        ; 0           ; 0            ; 0       ; 0         ; 0    ; 0            ; |SellingMachine|show_control_ten_continuously:show_mux|lpm_divide:Div0|lpm_divide_mhm:auto_generated|sign_div_unsign_nlh:divider                       ;              ;
;                |alt_u_div_p5f:divider|      ; 63 (63)           ; 0 (0)        ; 0           ; 0            ; 0       ; 0         ; 0    ; 0            ; |SellingMachine|show_control_ten_continuously:show_mux|lpm_divide:Div0|lpm_divide_mhm:auto_generated|sign_div_unsign_nlh:divider|alt_u_div_p5f:divider ;              ;
;       |lpm_divide:Div1|                     ; 82 (0)            ; 0 (0)        ; 0           ; 0            ; 0       ; 0         ; 0    ; 0            ; |SellingMachine|show_control_ten_continuously:show_mux|lpm_divide:Div1                                                                                 ;              ;
;          |lpm_divide_jhm:auto_generated|    ; 82 (0)            ; 0 (0)        ; 0           ; 0            ; 0       ; 0         ; 0    ; 0            ; |SellingMachine|show_control_ten_continuously:show_mux|lpm_divide:Div1|lpm_divide_jhm:auto_generated                                                   ;              ;
;             |sign_div_unsign_klh:divider|   ; 82 (0)            ; 0 (0)        ; 0           ; 0            ; 0       ; 0         ; 0    ; 0            ; |SellingMachine|show_control_ten_continuously:show_mux|lpm_divide:Div1|lpm_divide_jhm:auto_generated|sign_div_unsign_klh:divider                       ;              ;
;                |alt_u_div_j5f:divider|      ; 82 (82)           ; 0 (0)        ; 0           ; 0            ; 0       ; 0         ; 0    ; 0            ; |SellingMachine|show_control_ten_continuously:show_mux|lpm_divide:Div1|lpm_divide_jhm:auto_generated|sign_div_unsign_klh:divider|alt_u_div_j5f:divider ;              ;
;       |lpm_divide:Mod0|                     ; 82 (0)            ; 0 (0)        ; 0           ; 0            ; 0       ; 0         ; 0    ; 0            ; |SellingMachine|show_control_ten_continuously:show_mux|lpm_divide:Mod0                                                                                 ;              ;
;          |lpm_divide_m9m:auto_generated|    ; 82 (0)            ; 0 (0)        ; 0           ; 0            ; 0       ; 0         ; 0    ; 0            ; |SellingMachine|show_control_ten_continuously:show_mux|lpm_divide:Mod0|lpm_divide_m9m:auto_generated                                                   ;              ;
;             |sign_div_unsign_klh:divider|   ; 82 (0)            ; 0 (0)        ; 0           ; 0            ; 0       ; 0         ; 0    ; 0            ; |SellingMachine|show_control_ten_continuously:show_mux|lpm_divide:Mod0|lpm_divide_m9m:auto_generated|sign_div_unsign_klh:divider                       ;              ;
;                |alt_u_div_j5f:divider|      ; 82 (82)           ; 0 (0)        ; 0           ; 0            ; 0       ; 0         ; 0    ; 0            ; |SellingMachine|show_control_ten_continuously:show_mux|lpm_divide:Mod0|lpm_divide_m9m:auto_generated|sign_div_unsign_klh:divider|alt_u_div_j5f:divider ;              ;
;       |lpm_mult:Mult0|                      ; 5 (0)             ; 0 (0)        ; 0           ; 0            ; 0       ; 0         ; 0    ; 0            ; |SellingMachine|show_control_ten_continuously:show_mux|lpm_mult:Mult0                                                                                  ;              ;
;          |multcore:mult_core|               ; 5 (5)             ; 0 (0)        ; 0           ; 0            ; 0       ; 0         ; 0    ; 0            ; |SellingMachine|show_control_ten_continuously:show_mux|lpm_mult:Mult0|multcore:mult_core                                                               ;              ;
+---------------------------------------------+-------------------+--------------+-------------+--------------+---------+-----------+------+--------------+--------------------------------------------------------------------------------------------------------------------------------------------------------+--------------+
Note: For table entries with two numbers listed, the numbers in parentheses indicate the number of resources of the given type used by the specific entity alone. The numbers listed outside of parentheses indicate the total resources of the given type used by the specific entity and all of its sub-entities in the hierarchy.


Encoding Type:  One-Hot
+-----------------------------------------------------------------------------------+
; State Machine - |SellingMachine|show_control_ten_continuously:show_mux|show_state ;
+---------------+---------------+---------------+---------------+-------------------+
; Name          ; show_state.11 ; show_state.10 ; show_state.01 ; show_state.00     ;
+---------------+---------------+---------------+---------------+-------------------+
; show_state.00 ; 0             ; 0             ; 0             ; 0                 ;
; show_state.01 ; 0             ; 0             ; 1             ; 1                 ;
; show_state.10 ; 0             ; 1             ; 0             ; 1                 ;
; show_state.11 ; 1             ; 0             ; 0             ; 1                 ;
+---------------+---------------+---------------+---------------+-------------------+


+--------------------------------------------------------------------------------------------------+
; Registers Removed During Synthesis                                                               ;
+---------------------------------------------------------+----------------------------------------+
; Register name                                           ; Reason for Removal                     ;
+---------------------------------------------------------+----------------------------------------+
; show_control_ten_continuously:show_mux|show_place[3..5] ; Stuck at VCC due to stuck port data_in ;
; show_control_ten_continuously:show_mux|show_state~2     ; Lost fanout                            ;
; show_control_ten_continuously:show_mux|show_state~3     ; Lost fanout                            ;
; Total Number of Removed Registers = 5                   ;                                        ;
+---------------------------------------------------------+----------------------------------------+


+------------------------------------------------------+
; General Register Statistics                          ;
+----------------------------------------------+-------+
; Statistic                                    ; Value ;
+----------------------------------------------+-------+
; Total registers                              ; 90    ;
; Number of registers using Synchronous Clear  ; 9     ;
; Number of registers using Synchronous Load   ; 0     ;
; Number of registers using Asynchronous Clear ; 0     ;
; Number of registers using Asynchronous Load  ; 0     ;
; Number of registers using Clock Enable       ; 11    ;
; Number of registers using Preset             ; 0     ;
+----------------------------------------------+-------+


+-------------------------------------------------------------------------------------------------------------------------------------------------------------------------------------+
; Multiplexer Restructuring Statistics (Restructuring Performed)                                                                                                                      ;
+--------------------+-----------+---------------+----------------------+------------------------+------------+-----------------------------------------------------------------------+
; Multiplexer Inputs ; Bus Width ; Baseline Area ; Area if Restructured ; Saving if Restructured ; Registered ; Example Multiplexer Output                                            ;
+--------------------+-----------+---------------+----------------------+------------------------+------------+-----------------------------------------------------------------------+
; 4:1                ; 4 bits    ; 8 LEs         ; 8 LEs                ; 0 LEs                  ; Yes        ; |SellingMachine|show_control_ten_continuously:show_mux|to_be_shown[3] ;
; 69:1               ; 9 bits    ; 414 LEs       ; 45 LEs               ; 369 LEs                ; Yes        ; |SellingMachine|change_state:change_mux|money[9]                      ;
+--------------------+-----------+---------------+----------------------+------------------------+------------+-----------------------------------------------------------------------+


+---------------------------------------------------------------------------------------------------------+
; Parameter Settings for Inferred Entity Instance: show_control_ten_continuously:show_mux|lpm_divide:Mod0 ;
+------------------------+----------------+---------------------------------------------------------------+
; Parameter Name         ; Value          ; Type                                                          ;
+------------------------+----------------+---------------------------------------------------------------+
; LPM_WIDTHN             ; 10             ; Untyped                                                       ;
; LPM_WIDTHD             ; 4              ; Untyped                                                       ;
; LPM_NREPRESENTATION    ; UNSIGNED       ; Untyped                                                       ;
; LPM_DREPRESENTATION    ; UNSIGNED       ; Untyped                                                       ;
; LPM_PIPELINE           ; 0              ; Untyped                                                       ;
; LPM_REMAINDERPOSITIVE  ; TRUE           ; Untyped                                                       ;
; MAXIMIZE_SPEED         ; 5              ; Untyped                                                       ;
; CBXI_PARAMETER         ; lpm_divide_m9m ; Untyped                                                       ;
; CARRY_CHAIN            ; MANUAL         ; Untyped                                                       ;
; OPTIMIZE_FOR_SPEED     ; 5              ; Untyped                                                       ;
; AUTO_CARRY_CHAINS      ; ON             ; AUTO_CARRY                                                    ;
; IGNORE_CARRY_BUFFERS   ; OFF            ; IGNORE_CARRY                                                  ;
; AUTO_CASCADE_CHAINS    ; ON             ; AUTO_CASCADE                                                  ;
; IGNORE_CASCADE_BUFFERS ; OFF            ; IGNORE_CASCADE                                                ;
+------------------------+----------------+---------------------------------------------------------------+
Note: In order to hide this table in the UI and the text report file, please set the "Show Parameter Settings in Synthesis Report" option in "Analysis and Synthesis Settings -> More Settings" to "Off".


+---------------------------------------------------------------------------------------------------------+
; Parameter Settings for Inferred Entity Instance: show_control_ten_continuously:show_mux|lpm_divide:Div0 ;
+------------------------+----------------+---------------------------------------------------------------+
; Parameter Name         ; Value          ; Type                                                          ;
+------------------------+----------------+---------------------------------------------------------------+
; LPM_WIDTHN             ; 10             ; Untyped                                                       ;
; LPM_WIDTHD             ; 7              ; Untyped                                                       ;
; LPM_NREPRESENTATION    ; UNSIGNED       ; Untyped                                                       ;
; LPM_DREPRESENTATION    ; UNSIGNED       ; Untyped                                                       ;
; LPM_PIPELINE           ; 0              ; Untyped                                                       ;
; LPM_REMAINDERPOSITIVE  ; TRUE           ; Untyped                                                       ;
; MAXIMIZE_SPEED         ; 5              ; Untyped                                                       ;
; CBXI_PARAMETER         ; lpm_divide_mhm ; Untyped                                                       ;
; CARRY_CHAIN            ; MANUAL         ; Untyped                                                       ;
; OPTIMIZE_FOR_SPEED     ; 5              ; Untyped                                                       ;
; AUTO_CARRY_CHAINS      ; ON             ; AUTO_CARRY                                                    ;
; IGNORE_CARRY_BUFFERS   ; OFF            ; IGNORE_CARRY                                                  ;
; AUTO_CASCADE_CHAINS    ; ON             ; AUTO_CASCADE                                                  ;
; IGNORE_CASCADE_BUFFERS ; OFF            ; IGNORE_CASCADE                                                ;
+------------------------+----------------+---------------------------------------------------------------+
Note: In order to hide this table in the UI and the text report file, please set the "Show Parameter Settings in Synthesis Report" option in "Analysis and Synthesis Settings -> More Settings" to "Off".


+---------------------------------------------------------------------------------------------------------+
; Parameter Settings for Inferred Entity Instance: show_control_ten_continuously:show_mux|lpm_divide:Div1 ;
+------------------------+----------------+---------------------------------------------------------------+
; Parameter Name         ; Value          ; Type                                                          ;
+------------------------+----------------+---------------------------------------------------------------+
; LPM_WIDTHN             ; 10             ; Untyped                                                       ;
; LPM_WIDTHD             ; 4              ; Untyped                                                       ;
; LPM_NREPRESENTATION    ; UNSIGNED       ; Untyped                                                       ;
; LPM_DREPRESENTATION    ; UNSIGNED       ; Untyped                                                       ;
; LPM_PIPELINE           ; 0              ; Untyped                                                       ;
; LPM_REMAINDERPOSITIVE  ; TRUE           ; Untyped                                                       ;
; MAXIMIZE_SPEED         ; 5              ; Untyped                                                       ;
; CBXI_PARAMETER         ; lpm_divide_jhm ; Untyped                                                       ;
; CARRY_CHAIN            ; MANUAL         ; Untyped                                                       ;
; OPTIMIZE_FOR_SPEED     ; 5              ; Untyped                                                       ;
; AUTO_CARRY_CHAINS      ; ON             ; AUTO_CARRY                                                    ;
; IGNORE_CARRY_BUFFERS   ; OFF            ; IGNORE_CARRY                                                  ;
; AUTO_CASCADE_CHAINS    ; ON             ; AUTO_CASCADE                                                  ;
; IGNORE_CASCADE_BUFFERS ; OFF            ; IGNORE_CASCADE                                                ;
+------------------------+----------------+---------------------------------------------------------------+
Note: In order to hide this table in the UI and the text report file, please set the "Show Parameter Settings in Synthesis Report" option in "Analysis and Synthesis Settings -> More Settings" to "Off".


+--------------------------------------------------------------------------------------------------------+
; Parameter Settings for Inferred Entity Instance: show_control_ten_continuously:show_mux|lpm_mult:Mult0 ;
+------------------------------------------------+-------------+-----------------------------------------+
; Parameter Name                                 ; Value       ; Type                                    ;
+------------------------------------------------+-------------+-----------------------------------------+
; AUTO_CARRY_CHAINS                              ; ON          ; AUTO_CARRY                              ;
; IGNORE_CARRY_BUFFERS                           ; OFF         ; IGNORE_CARRY                            ;
; AUTO_CASCADE_CHAINS                            ; ON          ; AUTO_CASCADE                            ;
; IGNORE_CASCADE_BUFFERS                         ; OFF         ; IGNORE_CASCADE                          ;
; LPM_WIDTHA                                     ; 7           ; Untyped                                 ;
; LPM_WIDTHB                                     ; 4           ; Untyped                                 ;
; LPM_WIDTHP                                     ; 11          ; Untyped                                 ;
; LPM_WIDTHR                                     ; 11          ; Untyped                                 ;
; LPM_WIDTHS                                     ; 1           ; Untyped                                 ;
; LPM_REPRESENTATION                             ; UNSIGNED    ; Untyped                                 ;
; LPM_PIPELINE                                   ; 0           ; Untyped                                 ;
; LATENCY                                        ; 0           ; Untyped                                 ;
; INPUT_A_IS_CONSTANT                            ; YES         ; Untyped                                 ;
; INPUT_B_IS_CONSTANT                            ; NO          ; Untyped                                 ;
; USE_EAB                                        ; OFF         ; Untyped                                 ;
; MAXIMIZE_SPEED                                 ; 5           ; Untyped                                 ;
; DEVICE_FAMILY                                  ; Cyclone III ; Untyped                                 ;
; CARRY_CHAIN                                    ; MANUAL      ; Untyped                                 ;
; APEX20K_TECHNOLOGY_MAPPER                      ; LUT         ; TECH_MAPPER_APEX20K                     ;
; DEDICATED_MULTIPLIER_CIRCUITRY                 ; AUTO        ; Untyped                                 ;
; DEDICATED_MULTIPLIER_MIN_INPUT_WIDTH_FOR_AUTO  ; 0           ; Untyped                                 ;
; DEDICATED_MULTIPLIER_MIN_OUTPUT_WIDTH_FOR_AUTO ; 0           ; Untyped                                 ;
; CBXI_PARAMETER                                 ; NOTHING     ; Untyped                                 ;
; INPUT_A_FIXED_VALUE                            ; Bx          ; Untyped                                 ;
; INPUT_B_FIXED_VALUE                            ; Bx          ; Untyped                                 ;
; USE_AHDL_IMPLEMENTATION                        ; OFF         ; Untyped                                 ;
+------------------------------------------------+-------------+-----------------------------------------+
Note: In order to hide this table in the UI and the text report file, please set the "Show Parameter Settings in Synthesis Report" option in "Analysis and Synthesis Settings -> More Settings" to "Off".


+-----------------------------------------------------------------------------------------------+
; lpm_mult Parameter Settings by Entity Instance                                                ;
+---------------------------------------+-------------------------------------------------------+
; Name                                  ; Value                                                 ;
+---------------------------------------+-------------------------------------------------------+
; Number of entity instances            ; 1                                                     ;
; Entity Instance                       ; show_control_ten_continuously:show_mux|lpm_mult:Mult0 ;
;     -- LPM_WIDTHA                     ; 7                                                     ;
;     -- LPM_WIDTHB                     ; 4                                                     ;
;     -- LPM_WIDTHP                     ; 11                                                    ;
;     -- LPM_REPRESENTATION             ; UNSIGNED                                              ;
;     -- INPUT_A_IS_CONSTANT            ; YES                                                   ;
;     -- INPUT_B_IS_CONSTANT            ; NO                                                    ;
;     -- USE_EAB                        ; OFF                                                   ;
;     -- DEDICATED_MULTIPLIER_CIRCUITRY ; AUTO                                                  ;
;     -- INPUT_A_FIXED_VALUE            ; Bx                                                    ;
;     -- INPUT_B_FIXED_VALUE            ; Bx                                                    ;
+---------------------------------------+-------------------------------------------------------+


+-------------------------------+
; Elapsed Time Per Partition    ;
+----------------+--------------+
; Partition Name ; Elapsed Time ;
+----------------+--------------+
; Top            ; 00:00:02     ;
+----------------+--------------+


+-------------------------------+
; Analysis & Synthesis Messages ;
+-------------------------------+
Info: *******************************************************************
Info: Running Quartus II 64-Bit Analysis & Synthesis
    Info: Version 13.0.0 Build 156 04/24/2013 SJ Full Version
    Info: Processing started: Wed Dec 19 14:08:08 2018
Info: Command: quartus_map --read_settings_files=on --write_settings_files=off SellingMachine -c SellingMachine
Info (20030): Parallel compilation is enabled and will use 4 of the 4 processors detected
Info (12021): Found 6 design units, including 6 entities, in source file sellingmachine.v
    Info (12023): Found entity 1: SellingMachine
    Info (12023): Found entity 2: judge_change
    Info (12023): Found entity 3: change_state
    Info (12023): Found entity 4: show_control_ten_continuously
    Info (12023): Found entity 5: counter
    Info (12023): Found entity 6: counter_great
Critical Warning (10226): Verilog HDL Port Declaration warning at SellingMachine.v(246): port declaration for "clk_original" declares packed dimensions but the data type declaration does not
Info (10499): HDL info at SellingMachine.v(244): see declaration for object "clk_original"
Critical Warning (10226): Verilog HDL Port Declaration warning at SellingMachine.v(247): port declaration for "clk" declares packed dimensions but the data type declaration does not
Info (10499): HDL info at SellingMachine.v(245): see declaration for object "clk"
Critical Warning (10226): Verilog HDL Port Declaration warning at SellingMachine.v(263): port declaration for "clk_original" declares packed dimensions but the data type declaration does not
Info (10499): HDL info at SellingMachine.v(261): see declaration for object "clk_original"
Critical Warning (10226): Verilog HDL Port Declaration warning at SellingMachine.v(264): port declaration for "clk" declares packed dimensions but the data type declaration does not
Info (10499): HDL info at SellingMachine.v(262): see declaration for object "clk"
Info (12127): Elaborating entity "SellingMachine" for the top level hierarchy
Info (12128): Elaborating entity "counter" for hierarchy "counter:count_mux"
Warning (10230): Verilog HDL assignment warning at SellingMachine.v(256): truncated value with size 32 to match size of target (17)
Info (12128): Elaborating entity "counter_great" for hierarchy "counter_great:count_mux_great"
Info (12128): Elaborating entity "judge_change" for hierarchy "judge_change:judge_mux"
Info (12128): Elaborating entity "change_state" for hierarchy "change_state:change_mux"
Info (10264): Verilog HDL Case Statement information at SellingMachine.v(79): all case item expressions in this case statement are onehot
Info (12128): Elaborating entity "show_control_ten_continuously" for hierarchy "show_control_ten_continuously:show_mux"
Warning (10230): Verilog HDL assignment warning at SellingMachine.v(169): truncated value with size 10 to match size of target (4)
Warning (10230): Verilog HDL assignment warning at SellingMachine.v(170): truncated value with size 10 to match size of target (4)
Warning (10230): Verilog HDL assignment warning at SellingMachine.v(171): truncated value with size 10 to match size of target (4)
Info (278001): Inferred 4 megafunctions from design logic
    Info (278004): Inferred divider/modulo megafunction ("lpm_divide") from the following logic: "show_control_ten_continuously:show_mux|Mod0"
    Info (278004): Inferred divider/modulo megafunction ("lpm_divide") from the following logic: "show_control_ten_continuously:show_mux|Div0"
    Info (278004): Inferred divider/modulo megafunction ("lpm_divide") from the following logic: "show_control_ten_continuously:show_mux|Div1"
    Info (278003): Inferred multiplier megafunction ("lpm_mult") from the following logic: "show_control_ten_continuously:show_mux|Mult0"
Info (12130): Elaborated megafunction instantiation "show_control_ten_continuously:show_mux|lpm_divide:Mod0"
Info (12133): Instantiated megafunction "show_control_ten_continuously:show_mux|lpm_divide:Mod0" with the following parameter:
    Info (12134): Parameter "LPM_WIDTHN" = "10"
    Info (12134): Parameter "LPM_WIDTHD" = "4"
    Info (12134): Parameter "LPM_NREPRESENTATION" = "UNSIGNED"
    Info (12134): Parameter "LPM_DREPRESENTATION" = "UNSIGNED"
Info (12021): Found 1 design units, including 1 entities, in source file db/lpm_divide_m9m.tdf
    Info (12023): Found entity 1: lpm_divide_m9m
Info (12021): Found 1 design units, including 1 entities, in source file db/sign_div_unsign_klh.tdf
    Info (12023): Found entity 1: sign_div_unsign_klh
Info (12021): Found 1 design units, including 1 entities, in source file db/alt_u_div_j5f.tdf
    Info (12023): Found entity 1: alt_u_div_j5f
Info (12021): Found 1 design units, including 1 entities, in source file db/add_sub_unc.tdf
    Info (12023): Found entity 1: add_sub_unc
Info (12021): Found 1 design units, including 1 entities, in source file db/add_sub_vnc.tdf
    Info (12023): Found entity 1: add_sub_vnc
Info (12130): Elaborated megafunction instantiation "show_control_ten_continuously:show_mux|lpm_divide:Div0"
Info (12133): Instantiated megafunction "show_control_ten_continuously:show_mux|lpm_divide:Div0" with the following parameter:
    Info (12134): Parameter "LPM_WIDTHN" = "10"
    Info (12134): Parameter "LPM_WIDTHD" = "7"
    Info (12134): Parameter "LPM_NREPRESENTATION" = "UNSIGNED"
    Info (12134): Parameter "LPM_DREPRESENTATION" = "UNSIGNED"
Info (12021): Found 1 design units, including 1 entities, in source file db/lpm_divide_mhm.tdf
    Info (12023): Found entity 1: lpm_divide_mhm
Info (12021): Found 1 design units, including 1 entities, in source file db/sign_div_unsign_nlh.tdf
    Info (12023): Found entity 1: sign_div_unsign_nlh
Info (12021): Found 1 design units, including 1 entities, in source file db/alt_u_div_p5f.tdf
    Info (12023): Found entity 1: alt_u_div_p5f
Info (12130): Elaborated megafunction instantiation "show_control_ten_continuously:show_mux|lpm_divide:Div1"
Info (12133): Instantiated megafunction "show_control_ten_continuously:show_mux|lpm_divide:Div1" with the following parameter:
    Info (12134): Parameter "LPM_WIDTHN" = "10"
    Info (12134): Parameter "LPM_WIDTHD" = "4"
    Info (12134): Parameter "LPM_NREPRESENTATION" = "UNSIGNED"
    Info (12134): Parameter "LPM_DREPRESENTATION" = "UNSIGNED"
Info (12021): Found 1 design units, including 1 entities, in source file db/lpm_divide_jhm.tdf
    Info (12023): Found entity 1: lpm_divide_jhm
Info (12130): Elaborated megafunction instantiation "show_control_ten_continuously:show_mux|lpm_mult:Mult0"
Info (12133): Instantiated megafunction "show_control_ten_continuously:show_mux|lpm_mult:Mult0" with the following parameter:
    Info (12134): Parameter "LPM_WIDTHA" = "7"
    Info (12134): Parameter "LPM_WIDTHB" = "4"
    Info (12134): Parameter "LPM_WIDTHP" = "11"
    Info (12134): Parameter "LPM_WIDTHR" = "11"
    Info (12134): Parameter "LPM_WIDTHS" = "1"
    Info (12134): Parameter "LPM_REPRESENTATION" = "UNSIGNED"
    Info (12134): Parameter "INPUT_A_IS_CONSTANT" = "YES"
    Info (12134): Parameter "INPUT_B_IS_CONSTANT" = "NO"
    Info (12134): Parameter "MAXIMIZE_SPEED" = "5"
Info (12131): Elaborated megafunction instantiation "show_control_ten_continuously:show_mux|lpm_mult:Mult0|multcore:mult_core", which is child of megafunction instantiation "show_control_ten_continuously:show_mux|lpm_mult:Mult0"
Info (12131): Elaborated megafunction instantiation "show_control_ten_continuously:show_mux|lpm_mult:Mult0|multcore:mult_core|mpar_add:padder", which is child of megafunction instantiation "show_control_ten_continuously:show_mux|lpm_mult:Mult0"
Info (12131): Elaborated megafunction instantiation "show_control_ten_continuously:show_mux|lpm_mult:Mult0|altshift:external_latency_ffs", which is child of megafunction instantiation "show_control_ten_continuously:show_mux|lpm_mult:Mult0"
Warning (13024): Output pins are stuck at VCC or GND
    Warning (13410): Pin "show_place[3]" is stuck at VCC
    Warning (13410): Pin "show_place[4]" is stuck at VCC
    Warning (13410): Pin "show_place[5]" is stuck at VCC
Info (286030): Timing-Driven Synthesis is running
Info (17049): 2 registers lost all their fanouts during netlist optimizations.
Info (16010): Generating hard_block partition "hard_block:auto_generated_inst"
    Info (16011): Adding 0 node(s), including 0 DDIO, 0 PLL, 0 transceiver and 0 LCELL
Info (21057): Implemented 523 device resources after synthesis - the final resource count might be different
    Info (21058): Implemented 7 input pins
    Info (21059): Implemented 18 output pins
    Info (21061): Implemented 498 logic cells
Info: Quartus II 64-Bit Analysis & Synthesis was successful. 0 errors, 12 warnings
    Info: Peak virtual memory: 4644 megabytes
    Info: Processing ended: Wed Dec 19 14:08:12 2018
    Info: Elapsed time: 00:00:04
    Info: Total CPU time (on all processors): 00:00:03


