------------------------------------------------------------
TimeQuest Timing Analyzer Summary
------------------------------------------------------------

Type  : Slow 1200mV 85C Model Setup 'calculator:inst|cnt_sel[0]'
Slack : -8.898
TNS   : -44.615

Type  : Slow 1200mV 85C Model Setup 'a[0]'
Slack : -6.507
TNS   : -54.094

Type  : Slow 1200mV 85C Model Setup 'clk'
Slack : -2.945
TNS   : -35.650

Type  : Slow 1200mV 85C Model Setup 'calculator:inst|data[1]'
Slack : -2.186
TNS   : -14.902

Type  : Slow 1200mV 85C Model Setup 'calculator:inst|flag'
Slack : -0.678
TNS   : -0.699

Type  : Slow 1200mV 85C Model Hold 'calculator:inst|data[1]'
Slack : -1.387
TNS   : -9.149

Type  : Slow 1200mV 85C Model Hold 'a[0]'
Slack : -0.717
TNS   : -3.796

Type  : Slow 1200mV 85C Model Hold 'calculator:inst|cnt_sel[0]'
Slack : -0.684
TNS   : -1.754

Type  : Slow 1200mV 85C Model Hold 'calculator:inst|flag'
Slack : -0.034
TNS   : -0.035

Type  : Slow 1200mV 85C Model Hold 'clk'
Slack : 0.621
TNS   : 0.000

Type  : Slow 1200mV 85C Model Minimum Pulse Width 'clk'
Slack : -3.000
TNS   : -23.818

Type  : Slow 1200mV 85C Model Minimum Pulse Width 'a[0]'
Slack : -3.000
TNS   : -3.000

Type  : Slow 1200mV 85C Model Minimum Pulse Width 'calculator:inst|flag'
Slack : -1.487
TNS   : -4.461

Type  : Slow 1200mV 85C Model Minimum Pulse Width 'calculator:inst|cnt_sel[0]'
Slack : 0.249
TNS   : 0.000

Type  : Slow 1200mV 85C Model Minimum Pulse Width 'calculator:inst|data[1]'
Slack : 0.455
TNS   : 0.000

Type  : Slow 1200mV 0C Model Setup 'calculator:inst|cnt_sel[0]'
Slack : -8.264
TNS   : -42.431

Type  : Slow 1200mV 0C Model Setup 'a[0]'
Slack : -6.185
TNS   : -51.117

Type  : Slow 1200mV 0C Model Setup 'clk'
Slack : -2.669
TNS   : -32.146

Type  : Slow 1200mV 0C Model Setup 'calculator:inst|data[1]'
Slack : -1.973
TNS   : -13.441

Type  : Slow 1200mV 0C Model Setup 'calculator:inst|flag'
Slack : -0.532
TNS   : -0.532

Type  : Slow 1200mV 0C Model Hold 'calculator:inst|data[1]'
Slack : -1.296
TNS   : -8.516

Type  : Slow 1200mV 0C Model Hold 'a[0]'
Slack : -0.680
TNS   : -3.725

Type  : Slow 1200mV 0C Model Hold 'calculator:inst|cnt_sel[0]'
Slack : -0.464
TNS   : -1.138

Type  : Slow 1200mV 0C Model Hold 'calculator:inst|flag'
Slack : -0.033
TNS   : -0.041

Type  : Slow 1200mV 0C Model Hold 'clk'
Slack : 0.572
TNS   : 0.000

Type  : Slow 1200mV 0C Model Minimum Pulse Width 'clk'
Slack : -3.000
TNS   : -23.818

Type  : Slow 1200mV 0C Model Minimum Pulse Width 'a[0]'
Slack : -3.000
TNS   : -3.000

Type  : Slow 1200mV 0C Model Minimum Pulse Width 'calculator:inst|flag'
Slack : -1.487
TNS   : -4.461

Type  : Slow 1200mV 0C Model Minimum Pulse Width 'calculator:inst|cnt_sel[0]'
Slack : 0.189
TNS   : 0.000

Type  : Slow 1200mV 0C Model Minimum Pulse Width 'calculator:inst|data[1]'
Slack : 0.402
TNS   : 0.000

Type  : Fast 1200mV 0C Model Setup 'calculator:inst|cnt_sel[0]'
Slack : -3.357
TNS   : -13.052

Type  : Fast 1200mV 0C Model Setup 'a[0]'
Slack : -2.383
TNS   : -19.303

Type  : Fast 1200mV 0C Model Setup 'calculator:inst|data[1]'
Slack : -0.709
TNS   : -4.883

Type  : Fast 1200mV 0C Model Setup 'clk'
Slack : -0.642
TNS   : -6.786

Type  : Fast 1200mV 0C Model Setup 'calculator:inst|flag'
Slack : 0.149
TNS   : 0.000

Type  : Fast 1200mV 0C Model Hold 'a[0]'
Slack : -0.565
TNS   : -3.665

Type  : Fast 1200mV 0C Model Hold 'calculator:inst|data[1]'
Slack : -0.553
TNS   : -3.685

Type  : Fast 1200mV 0C Model Hold 'calculator:inst|cnt_sel[0]'
Slack : -0.531
TNS   : -2.012

Type  : Fast 1200mV 0C Model Hold 'calculator:inst|flag'
Slack : -0.031
TNS   : -0.049

Type  : Fast 1200mV 0C Model Hold 'clk'
Slack : 0.259
TNS   : 0.000

Type  : Fast 1200mV 0C Model Minimum Pulse Width 'clk'
Slack : -3.000
TNS   : -18.074

Type  : Fast 1200mV 0C Model Minimum Pulse Width 'a[0]'
Slack : -3.000
TNS   : -3.000

Type  : Fast 1200mV 0C Model Minimum Pulse Width 'calculator:inst|flag'
Slack : -1.000
TNS   : -3.000

Type  : Fast 1200mV 0C Model Minimum Pulse Width 'calculator:inst|data[1]'
Slack : 0.451
TNS   : 0.000

Type  : Fast 1200mV 0C Model Minimum Pulse Width 'calculator:inst|cnt_sel[0]'
Slack : 0.456
TNS   : 0.000

------------------------------------------------------------
