------------------------------------------------------------
TimeQuest Timing Analyzer Summary
------------------------------------------------------------

Type  : Slow Model Setup 'Divider:inst|cnt[14]'
Slack : -4.185
TNS   : -155.127

Type  : Slow Model Setup 'clk_sys'
Slack : -2.714
TNS   : -34.663

Type  : Slow Model Setup 'divider_mon:inst4|cnt[17]'
Slack : -1.536
TNS   : -10.957

Type  : Slow Model Hold 'clk_sys'
Slack : -2.755
TNS   : -5.201

Type  : Slow Model Hold 'Divider:inst|cnt[14]'
Slack : 0.499
TNS   : 0.000

Type  : Slow Model Hold 'divider_mon:inst4|cnt[17]'
Slack : 0.499
TNS   : 0.000

Type  : Slow Model Minimum Pulse Width 'clk_sys'
Slack : -1.941
TNS   : -30.137

Type  : Slow Model Minimum Pulse Width 'Divider:inst|cnt[14]'
Slack : -0.742
TNS   : -69.748

Type  : Slow Model Minimum Pulse Width 'divider_mon:inst4|cnt[17]'
Slack : -0.742
TNS   : -14.840

Type  : Fast Model Setup 'Divider:inst|cnt[14]'
Slack : -0.734
TNS   : -21.566

Type  : Fast Model Setup 'clk_sys'
Slack : -0.342
TNS   : -1.602

Type  : Fast Model Setup 'divider_mon:inst4|cnt[17]'
Slack : 0.212
TNS   : 0.000

Type  : Fast Model Hold 'clk_sys'
Slack : -1.544
TNS   : -3.001

Type  : Fast Model Hold 'Divider:inst|cnt[14]'
Slack : 0.215
TNS   : 0.000

Type  : Fast Model Hold 'divider_mon:inst4|cnt[17]'
Slack : 0.215
TNS   : 0.000

Type  : Fast Model Minimum Pulse Width 'clk_sys'
Slack : -1.380
TNS   : -20.380

Type  : Fast Model Minimum Pulse Width 'Divider:inst|cnt[14]'
Slack : -0.500
TNS   : -47.000

Type  : Fast Model Minimum Pulse Width 'divider_mon:inst4|cnt[17]'
Slack : -0.500
TNS   : -10.000

------------------------------------------------------------
